'GaussianParity.GInt.ext' depends on axioms: [propext]
'GaussianParity.residue_zero_iff' depends on axioms: [propext, Classical.choice, Quot.sound]
'GaussianParity.dividePi_exact_iff' depends on axioms: [propext, Quot.sound]
'GaussianParity.dividePi_mulPi' depends on axioms: [propext, Quot.sound]
'GaussianParity.butterfly_integral_iff' depends on axioms: [propext, Classical.choice, Quot.sound]
'GaussianParity.butterfly_exact' depends on axioms: [propext, Classical.choice, Quot.sound]
'GaussianParity.butterfly_sameResidue' depends on axioms: [propext, Quot.sound]
'GaussianParity.butterfly_square' depends on axioms: [propext, Quot.sound]
'GaussianParity.residue_mulI' depends on axioms: [propext, Quot.sound]
'GaussianParity.residue_add' depends on axioms: [propext, Quot.sound]
'GaussianParity.residue_mulPi' depends on axioms: [propext, Quot.sound]
'GaussianParity.component_parity_implies_sameResidue' depends on axioms: [propext, Quot.sound]
'GaussianParity.cross_parity_example' depends on axioms: [propext]
'GaussianParity.changed_pairing_obstruction' depends on axioms: [propext]
'GaussianParity.piIter_mulPi' depends on axioms: [propext]
'GaussianParity.piIter_add' depends on axioms: [propext]
'GaussianParity.piIter_commute' depends on axioms: [propext]
'GaussianParity.mulPi_injective' depends on axioms: [propext, Quot.sound]
'GaussianParity.piIter_injective' depends on axioms: [propext, Quot.sound]
'GaussianParity.SameValue.refl' does not depend on any axioms
'GaussianParity.SameValue.symm' does not depend on any axioms
'GaussianParity.SameValue.trans' depends on axioms: [propext, Quot.sound]
'GaussianParity.certifiedButterfly_contract' depends on axioms: [propext, Classical.choice, Quot.sound]
'GaussianParity.certifiedButterfly_refines' depends on axioms: [propext, Classical.choice, Quot.sound]
'GaussianParity.certifiedButterfly_exponent_bound' depends on axioms: [propext, Quot.sound]
'GaussianParity.inverseButterfly_eq_swap' depends on axioms: [propext, Quot.sound]
'GaussianParity.inverseButterfly_after' depends on axioms: [propext, Quot.sound]
'GaussianParity.butterfly_fourth' depends on axioms: [propext, Quot.sound]
'GaussianParity.doubleButterfly_joint_parity' depends on axioms: [propext, Classical.choice, Quot.sound]
'GaussianParity.sharedDefect_is_bit' depends on axioms: [propext, Quot.sound]
'GaussianParity.sharedDefect_zero_iff' depends on axioms: [propext, Classical.choice, Quot.sound]
'GaussianParity.shared_defect_reconstruction' depends on axioms: [propext, Classical.choice, Quot.sound]
'GaussianParity.doubleButterfly_exact' depends on axioms: [propext, Quot.sound]
'GaussianParity.halfHadamard_exact_iff' depends on axioms: [propext, Classical.choice, Quot.sound]
'GaussianParity.cross_parity_fails_halfHadamard' does not depend on any axioms
'GaussianParity.raiseTo_sameValue' depends on axioms: [propext, Quot.sound]
'GaussianParity.alignedButterfly_input_exact' depends on axioms: [propext, Quot.sound]
'GaussianParity.alignedButterfly_refines' depends on axioms: [propext, Classical.choice, Quot.sound]
'GaussianParity.mulPi_square' depends on axioms: [propext, Quot.sound]
'GaussianParity.mulI_scale' depends on axioms: [propext, Classical.choice, Quot.sound]
'GaussianParity.scale_mul' depends on axioms: [propext]
'GaussianParity.repeatPi_even' depends on axioms: [propext, Classical.choice, Quot.sound]
'GaussianParity.mulI_negI' depends on axioms: [propext]
'GaussianParity.negI_mulI' depends on axioms: [propext]
'GaussianParity.repeatI_commute' depends on axioms: [propext]
'GaussianParity.repeatI_negI_commute' depends on axioms: [propext]
'GaussianParity.repeatI_cancel' depends on axioms: [propext]
'GaussianParity.mulPi_scale' depends on axioms: [propext, Classical.choice, Quot.sound]
'GaussianParity.repeatPi_odd' depends on axioms: [propext, Classical.choice, Quot.sound]
'GaussianParity.pi_even_ideal' depends on axioms: [propext, Classical.choice, Quot.sound]
'GaussianParity.pi_odd_ideal' depends on axioms: [propext, Classical.choice, Quot.sound]
'GaussianParity.odd_ideal_parity' depends on axioms: [propext, Classical.choice, Quot.sound]
'GaussianParity.pi_not_binary_one' depends on axioms: [propext, Quot.sound]
'GaussianParity.even_binary_conversion' depends on axioms: [propext, Classical.choice, Quot.sound]
'GaussianParity.odd_binary_conversion' depends on axioms: [propext, Classical.choice, Quot.sound]
'GaussianParity.residue_negI' depends on axioms: [propext, Quot.sound]
'GaussianParity.repeatNegI_residue' depends on axioms: [propext, Quot.sound]
'GaussianParity.odd_binary_numerator_parity' depends on axioms: [propext, Classical.choice, Quot.sound]
'GaussianParity.binary_grid_conversion' depends on axioms: [propext, Classical.choice, Quot.sound]
'GaussianParity.binary_one_residue_zero' depends on axioms: [propext, Quot.sound]
'GaussianParity.even_impulse_primitive' depends on axioms: [propext, Quot.sound]
'GaussianParity.bothOdd_negI' depends on axioms: [propext, Classical.choice, Quot.sound]
'GaussianParity.bothOdd_repeatNegI' depends on axioms: [propext, Classical.choice, Quot.sound]
'GaussianParity.odd_impulse_primitive' depends on axioms: [propext, Classical.choice, Quot.sound]
'GaussianParity.scale_injective' depends on axioms: [propext]
'GaussianParity.even_grid_sharp' depends on axioms: [propext, Classical.choice, Quot.sound]
'GaussianParity.odd_grid_sharp' depends on axioms: [propext, Classical.choice, Quot.sound]
'GaussianParity.gaussianMul_pi_pi' depends on axioms: [propext, Classical.choice, Quot.sound]
'GaussianParity.two_pi_factors_binary' depends on axioms: [propext, Classical.choice, Quot.sound]
'GaussianSynthesis.cancelPi_sameValue' depends on axioms: [propext, Classical.choice, Quot.sound]
'GaussianSynthesis.normalizeCore_sound' depends on axioms: [propext, Classical.choice, Quot.sound]
'GaussianSynthesis.normalize_sound' depends on axioms: [propext, Classical.choice, Quot.sound]
'GaussianSynthesis.normalizeCore_canonical' depends on axioms: [propext]
'GaussianSynthesis.normalize_canonical' depends on axioms: [propext]
'GaussianSynthesis.normalize_fixed' depends on axioms: [propext, Quot.sound]
'GaussianSynthesis.normalize_idempotent' depends on axioms: [propext, Quot.sound]
'GaussianSynthesis.normalizeCore_exponent_bound' depends on axioms: [propext, Quot.sound]
'GaussianSynthesis.normalize_zero' depends on axioms: [propext]
'GaussianSynthesis.positive_piIter_residue' depends on axioms: [propext, Quot.sound]
'GaussianSynthesis.canonical_tags_equal' depends on axioms: [propext, Quot.sound]
'GaussianSynthesis.canonical_unique' depends on axioms: [propext, Quot.sound]
'GaussianSynthesis.normalize_congr' depends on axioms: [propext, Classical.choice, Quot.sound]
'GaussianSynthesis.mixed_center_image' depends on axioms: [propext, Quot.sound]
'GaussianSynthesis.fresh_total_recovery' depends on axioms: [propext, Quot.sound]
'GaussianSynthesis.fresh_doubled_center' depends on axioms: [propext, Quot.sound]
'GaussianSynthesis.fresh_scatter_denominator_cancellation' depends on axioms: [propext, Classical.choice, Quot.sound]
'GaussianSynthesis.corrected_bulk_coefficient' depends on axioms: [propext, Quot.sound]
'GaussianSynthesis.dirty_center_obstruction' depends on axioms: [propext, Classical.choice, Quot.sound]
'GaussianSynthesis.dirty_center_difference_is_fresh' depends on axioms: [propext, Quot.sound]
'GaussianSynthesis.centerColumn_image' depends on axioms: [propext, Classical.choice, Quot.sound]
'GaussianSynthesis.centerPlus_image' depends on axioms: [propext, Quot.sound]
'GaussianSynthesis.arbitrary_fresh_columns_image' depends on axioms: [propext, Classical.choice, Quot.sound]
'GaussianSynthesis.arbitrary_fresh_columns_total' depends on axioms: [propext, Classical.choice, Quot.sound]
'GaussianSynthesis.dirty_update_difference_image' depends on axioms: [propext, Classical.choice, Quot.sound]
'GaussianSynthesis.raw_dirty_update_defect' depends on axioms: [propext, Classical.choice, Quot.sound]
'GaussianSynthesis.corrected_scatter_column_exact' depends on axioms: [propext, Classical.choice, Quot.sound]
'GaussianSynthesis.corrected_scatter_sum_exact' depends on axioms: [propext, Classical.choice, Quot.sound]
'GaussianSynthesis.corrected_scatter_sum_integral' depends on axioms: [propext, Classical.choice, Quot.sound]
'GaussianSynthesis.fresh_bulk_half_sharp' depends on axioms: [propext, Classical.choice, Quot.sound]
'GaussianSynthesis.rawC_left_square' depends on axioms: [propext, Quot.sound]
'GaussianSynthesis.rawC_right_square' depends on axioms: [propext, Quot.sound]
'GaussianSynthesis.two_pi_numerator_sameValue' depends on axioms: [propext]
'GaussianSynthesis.rawC_square_exact' depends on axioms: [propext, Quot.sound]
'GaussianSynthesis.rawC_inverse_exact' depends on axioms: [propext, Quot.sound]
'GaussianSynthesis.heterogeneous_inverse_restores' depends on axioms: [propext, Quot.sound]
'GaussianSynthesis.canonical_inverse_restores' depends on axioms: [propext, Classical.choice, Quot.sound]
'GaussianSynthesis.phase_inverse_restores' depends on axioms: [propext]
'GaussianSynthesis.half_double_restores' depends on axioms: [propext, Quot.sound]
'GaussianSynthesis.gaussian_update_difference' depends on axioms: [propext, Quot.sound]
'GaussianSynthesis.mulI_difference' depends on axioms: [propext, Quot.sound]
'GaussianSynthesis.phase_difference' depends on axioms: [propext, Quot.sound]
'GaussianSynthesis.matching_phase_dirty_difference' depends on axioms: [propext, Quot.sound]
'GaussianSynthesis.mismatched_phase_image_obstruction' depends on axioms: [propext, Quot.sound]
'GaussianSynthesis.producer_image_iff_roundtrip' does not depend on any axioms
'GaussianSynthesis.producer_projection_idempotent' does not depend on any axioms
'GaussianSynthesis.image_difference_recovers' does not depend on any axioms
'GaussianSynthesis.recoverIfImage_exact' depends on axioms: [propext]
'GaussianSynthesis.recoverIfImage_rejects' depends on axioms: [propext]
'GaussianSynthesis.certified_dirty_recovery_and_restore' does not depend on any axioms
'GaussianSynthesis.phase_scale' depends on axioms: [propext, Classical.choice, Quot.sound]
'GaussianSynthesis.common_phase_center_image' depends on axioms: [propext, Classical.choice, Quot.sound]
'GaussianSynthesis.per_role_phase_image_obstruction' depends on axioms: [propext, Quot.sound]
'GaussianSynthesis.canonical_tag_minimal' depends on axioms: [propext, Classical.choice, Quot.sound]
'GaussianSynthesis.normalized_tag_minimal' depends on axioms: [propext, Classical.choice, Quot.sound]
'CommunityPrecision.ceilHalf_subadditive' depends on axioms: [propext, Quot.sound]
'CommunityPrecision.ceilHalf_mul_bound' depends on axioms: [propext, Quot.sound]
'CommunityPrecision.arbitrary_profile_bound' depends on axioms: [propext, Quot.sound]
'CommunityPrecision.profile_rank_mass' does not depend on any axioms
'CommunityPrecision.profile_odd_multiplicity' does not depend on any axioms
'CommunityPrecision.profile_precision_charge' does not depend on any axioms
'CommunityPrecision.profile_call_count' does not depend on any axioms
'CommunityPrecision.certified_all_width_bound' depends on axioms: [propext, Quot.sound]
'CommunityPrecision.profile_saving' does not depend on any axioms
'GaussianTensorExecution.cubeMap_congr' does not depend on any axioms
'GaussianTensorExecution.cubeMap_comp' does not depend on any axioms
'GaussianTensorExecution.cubeMap_zip' does not depend on any axioms
'GaussianTensorExecution.mulPi_add' depends on axioms: [propext, Quot.sound]
'GaussianTensorExecution.mulPi_mulI' depends on axioms: [propext, Quot.sound]
'GaussianTensorExecution.cubePi_add' depends on axioms: [propext, Quot.sound]
'GaussianTensorExecution.cubePi_I' depends on axioms: [propext, Quot.sound]
'GaussianTensorExecution.axisForward_pi' depends on axioms: [propext, Quot.sound]
'GaussianTensorExecution.axisInverse_pi' depends on axioms: [propext, Quot.sound]
'GaussianTensorExecution.inverse_pi' depends on axioms: [propext, Quot.sound]
'GaussianTensorExecution.cubePiIter_succ' does not depend on any axioms
'GaussianTensorExecution.cubePiIter_add' depends on axioms: [propext]
'GaussianTensorExecution.cube_ext' does not depend on any axioms
'GaussianTensorExecution.get_map' depends on axioms: [propext]
'GaussianTensorExecution.get_zip' depends on axioms: [propext]
'GaussianTensorExecution.cubeMap_id' depends on axioms: [propext]
'GaussianTensorExecution.inverse_piIter' depends on axioms: [propext, Quot.sound]
'GaussianTensorExecution.axis_inverse_forward' depends on axioms: [propext, Quot.sound]
'GaussianTensorExecution.inverse_forward' depends on axioms: [propext, Quot.sound]
'GaussianTensorExecution.shifted_tag_sameValue' depends on axioms: [propext]
'GaussianTensorExecution.inverse_forward_leaf_sameValue' depends on axioms: [propext, Quot.sound]
'GaussianTensorExecution.inverse_forward_leaf_canonical' depends on axioms: [propext, Classical.choice, Quot.sound]
'GaussianTensorExecution.repeatPi_eq_piIter' depends on axioms: [propext]
'GaussianTensorExecution.forward_leaf_binary_grid' depends on axioms: [propext, Classical.choice, Quot.sound]
'GaussianTensorExecution.cubeI_zero' does not depend on any axioms
'GaussianTensorExecution.cubeAdd_zero_left' depends on axioms: [propext]
'GaussianTensorExecution.forward_zero' depends on axioms: [propext]
'GaussianTensorExecution.forward_impulse_first' depends on axioms: [propext]
'GaussianTensorExecution.forward_even_grid_sharp' depends on axioms: [propext, Classical.choice, Quot.sound]
'GaussianTensorExecution.forward_odd_grid_sharp' depends on axioms: [propext, Classical.choice, Quot.sound]
'GaussianTensorExecution.execute_inverse_forward_exact' depends on axioms: [propext, Quot.sound]
'GaussianTensorExecution.execute_inverse_forward_canonical' depends on axioms: [propext, Classical.choice, Quot.sound]
'GaussianTensorExecution.execute_forward_tag' does not depend on any axioms
'GaussianTensorExecution.forward_binary_input_grid' depends on axioms: [propext, Classical.choice, Quot.sound]
'GaussianTensorExecution.forward_odd_binary_sublattice' depends on axioms: [propext, Classical.choice, Quot.sound]
