{
  "status": "passed",
  "upstream_commit": "71b6c960c89295e952522dd44111df9cfc51ae90",
  "source_manifest_sha256": "8651b8d8c05776a632bbe7c8fbbf9939346aa42570c561a4c9e7f50a579a2cf7",
  "source_mode": "bundled source with expected hashes",
  "independent_image": {
    "nodes": 81885,
    "addition_nodes": 78608,
    "ordinary_additions": 78374,
    "center_additions": 234,
    "root_roles": 13132,
    "all_input_coefficient_pairs": 10732176,
    "active_addition_nodes": 78437,
    "coefficient_planes": "exact 0/1/2 integer coefficients, no modular arithmetic",
    "largest_coefficient": 2
  },
  "controls": [
    {
      "trial": 0,
      "targets": 3276,
      "generic_extra_fraction_bits": 6,
      "fused_extra_fraction_bits": 0,
      "dirty_input_and_output": true
    },
    {
      "trial": 1,
      "targets": 3276,
      "generic_extra_fraction_bits": 6,
      "fused_extra_fraction_bits": 0,
      "dirty_input_and_output": true
    },
    {
      "trial": 2,
      "targets": 3276,
      "generic_extra_fraction_bits": 6,
      "fused_extra_fraction_bits": 0,
      "dirty_input_and_output": true
    },
    {
      "trial": 3,
      "targets": 3276,
      "generic_extra_fraction_bits": 6,
      "fused_extra_fraction_bits": 0,
      "dirty_input_and_output": true
    },
    {
      "trial": 4,
      "targets": 3276,
      "generic_extra_fraction_bits": 6,
      "fused_extra_fraction_bits": 0,
      "dirty_input_and_output": true
    },
    {
      "trial": 5,
      "targets": 3276,
      "generic_extra_fraction_bits": 6,
      "fused_extra_fraction_bits": 0,
      "dirty_input_and_output": true
    }
  ],
  "exact_coefficient_identity": "j-1+[j=0]-[j=2] = 2[j=3]",
  "recover_total_identity": "sum B - 2 sum D = -32 T",
  "maximum_generic_fraction_bits": 6,
  "maximum_fused_fraction_bits": 0,
  "reference_gaussian_quotient_calls": 26268,
  "fused_gaussian_quotient_calls": 3286,
  "operation_count_scope": "these two explicit common-frame reference schedules; not optimality or physical-network runtime",
  "complete_membership_guard": {
    "predicate": "P(Q(delta))=delta after integer-exact Q",
    "extra_gaussian_additions_per_call": 78608,
    "verified_source_image_fastpath": "skip regeneration only with supplied delta=P(X) certificate",
    "tested_dirty_cases": 6
  },
  "negatives": {
    "off_image_rejected": true,
    "off_image_fraction_bits": 6,
    "missing_intersection_two_correction_rejected": true,
    "unmatched_phase_frame_rejected": true,
    "locally_divisible_off_image_rejected_by_full_guard": true,
    "individually_matched_but_incoherent_role_phases_rejected": true,
    "wrong_complete_port_count_rejected": true,
    "unscaled_fractional_numerator_rejected": true
  },
  "elapsed_seconds": 5.818,
  "scope": "all-input integer scalar image identities plus finite dirty-input controls; no phase-frame/tape/asymptotic rewrite"
}
