ℹ [2/8] Replayed DyadicCertificates
info: DyadicCertificates.lean:375:0: 'GaussianParity.butterfly_integral_iff' depends on axioms: [propext, Classical.choice, Quot.sound]
info: DyadicCertificates.lean:376:0: 'GaussianParity.butterfly_exact' depends on axioms: [propext, Classical.choice, Quot.sound]
info: DyadicCertificates.lean:377:0: 'GaussianParity.butterfly_sameResidue' depends on axioms: [propext, Quot.sound]
info: DyadicCertificates.lean:378:0: 'GaussianParity.butterfly_square' depends on axioms: [propext, Quot.sound]
info: DyadicCertificates.lean:379:0: 'GaussianParity.changed_pairing_obstruction' depends on axioms: [propext]
info: DyadicCertificates.lean:380:0: 'GaussianParity.SameValue.trans' depends on axioms: [propext, Quot.sound]
info: DyadicCertificates.lean:381:0: 'GaussianParity.certifiedButterfly_refines' depends on axioms: [propext, Classical.choice, Quot.sound]
info: DyadicCertificates.lean:382:0: 'GaussianParity.inverseButterfly_after' depends on axioms: [propext, Quot.sound]
info: DyadicCertificates.lean:383:0: 'GaussianParity.butterfly_fourth' depends on axioms: [propext, Quot.sound]
info: DyadicCertificates.lean:384:0: 'GaussianParity.doubleButterfly_joint_parity' depends on axioms: [propext, Classical.choice, Quot.sound]
info: DyadicCertificates.lean:385:0: 'GaussianParity.halfHadamard_exact_iff' depends on axioms: [propext, Classical.choice, Quot.sound]
info: DyadicCertificates.lean:386:0: 'GaussianParity.raiseTo_sameValue' depends on axioms: [propext, Quot.sound]
info: DyadicCertificates.lean:387:0: 'GaussianParity.alignedButterfly_refines' depends on axioms: [propext, Classical.choice, Quot.sound]
info: DyadicCertificates.lean:388:0: 'GaussianParity.sharedDefect_zero_iff' depends on axioms: [propext, Classical.choice, Quot.sound]
info: DyadicCertificates.lean:389:0: 'GaussianParity.shared_defect_reconstruction' depends on axioms: [propext, Classical.choice, Quot.sound]
ℹ [3/8] Replayed GaussianLattice
info: GaussianLattice.lean:129:0: 'GaussianParity.repeatPi_even' depends on axioms: [propext, Classical.choice, Quot.sound]
info: GaussianLattice.lean:130:0: 'GaussianParity.pi_even_ideal' depends on axioms: [propext, Classical.choice, Quot.sound]
info: GaussianLattice.lean:131:0: 'GaussianParity.pi_odd_ideal' depends on axioms: [propext, Classical.choice, Quot.sound]
info: GaussianLattice.lean:132:0: 'GaussianParity.pi_not_binary_one' depends on axioms: [propext, Quot.sound]
info: GaussianLattice.lean:235:0: 'GaussianParity.binary_grid_conversion' depends on axioms: [propext, Classical.choice, Quot.sound]
info: GaussianLattice.lean:236:0: 'GaussianParity.odd_binary_numerator_parity' depends on axioms: [propext, Classical.choice, Quot.sound]
info: GaussianLattice.lean:237:0: 'GaussianParity.even_impulse_primitive' depends on axioms: [propext, Quot.sound]
info: GaussianLattice.lean:238:0: 'GaussianParity.odd_impulse_primitive' depends on axioms: [propext, Classical.choice, Quot.sound]
info: GaussianLattice.lean:278:0: 'GaussianParity.even_grid_sharp' depends on axioms: [propext, Classical.choice, Quot.sound]
info: GaussianLattice.lean:279:0: 'GaussianParity.odd_grid_sharp' depends on axioms: [propext, Classical.choice, Quot.sound]
info: GaussianLattice.lean:303:0: 'GaussianParity.gaussianMul_pi_pi' depends on axioms: [propext, Classical.choice, Quot.sound]
info: GaussianLattice.lean:304:0: 'GaussianParity.two_pi_factors_binary' depends on axioms: [propext, Classical.choice, Quot.sound]
ℹ [4/8] Replayed GaussianScalarCircuits
info: GaussianScalarCircuits.lean:135:0: 'GaussianSynthesis.normalize_sound' depends on axioms: [propext, Classical.choice, Quot.sound]
info: GaussianScalarCircuits.lean:136:0: 'GaussianSynthesis.normalize_idempotent' depends on axioms: [propext, Quot.sound]
info: GaussianScalarCircuits.lean:137:0: 'GaussianSynthesis.canonical_unique' depends on axioms: [propext, Quot.sound]
info: GaussianScalarCircuits.lean:138:0: 'GaussianSynthesis.normalize_congr' depends on axioms: [propext, Classical.choice, Quot.sound]
info: GaussianScalarCircuits.lean:222:0: 'GaussianSynthesis.mixed_center_image' depends on axioms: [propext, Quot.sound]
info: GaussianScalarCircuits.lean:223:0: 'GaussianSynthesis.fresh_total_recovery' depends on axioms: [propext, Quot.sound]
info: GaussianScalarCircuits.lean:224:0: 'GaussianSynthesis.fresh_scatter_denominator_cancellation' depends on axioms: [propext, Classical.choice, Quot.sound]
info: GaussianScalarCircuits.lean:225:0: 'GaussianSynthesis.corrected_bulk_coefficient' depends on axioms: [propext, Quot.sound]
info: GaussianScalarCircuits.lean:226:0: 'GaussianSynthesis.dirty_center_obstruction' depends on axioms: [propext, Classical.choice, Quot.sound]
info: GaussianScalarCircuits.lean:303:0: 'GaussianSynthesis.arbitrary_fresh_columns_image' depends on axioms: [propext, Classical.choice, Quot.sound]
info: GaussianScalarCircuits.lean:304:0: 'GaussianSynthesis.arbitrary_fresh_columns_total' depends on axioms: [propext, Classical.choice, Quot.sound]
info: GaussianScalarCircuits.lean:305:0: 'GaussianSynthesis.dirty_update_difference_image' depends on axioms: [propext, Classical.choice, Quot.sound]
info: GaussianScalarCircuits.lean:306:0: 'GaussianSynthesis.raw_dirty_update_defect' depends on axioms: [propext, Classical.choice, Quot.sound]
info: GaussianScalarCircuits.lean:359:0: 'GaussianSynthesis.corrected_scatter_column_exact' depends on axioms: [propext, Classical.choice, Quot.sound]
info: GaussianScalarCircuits.lean:360:0: 'GaussianSynthesis.corrected_scatter_sum_exact' depends on axioms: [propext, Classical.choice, Quot.sound]
info: GaussianScalarCircuits.lean:361:0: 'GaussianSynthesis.corrected_scatter_sum_integral' depends on axioms: [propext, Classical.choice, Quot.sound]
info: GaussianScalarCircuits.lean:362:0: 'GaussianSynthesis.fresh_bulk_half_sharp' depends on axioms: [propext, Classical.choice, Quot.sound]
info: GaussianScalarCircuits.lean:457:0: 'GaussianSynthesis.rawC_square_exact' depends on axioms: [propext, Quot.sound]
info: GaussianScalarCircuits.lean:458:0: 'GaussianSynthesis.heterogeneous_inverse_restores' depends on axioms: [propext, Quot.sound]
info: GaussianScalarCircuits.lean:459:0: 'GaussianSynthesis.canonical_inverse_restores' depends on axioms: [propext, Classical.choice, Quot.sound]
info: GaussianScalarCircuits.lean:460:0: 'GaussianSynthesis.half_double_restores' depends on axioms: [propext, Quot.sound]
info: GaussianScalarCircuits.lean:500:0: 'GaussianSynthesis.matching_phase_dirty_difference' depends on axioms: [propext, Quot.sound]
info: GaussianScalarCircuits.lean:501:0: 'GaussianSynthesis.mismatched_phase_image_obstruction' depends on axioms: [propext, Quot.sound]
info: GaussianScalarCircuits.lean:576:0: 'GaussianSynthesis.producer_image_iff_roundtrip' does not depend on any axioms
info: GaussianScalarCircuits.lean:577:0: 'GaussianSynthesis.producer_projection_idempotent' does not depend on any axioms
info: GaussianScalarCircuits.lean:578:0: 'GaussianSynthesis.recoverIfImage_exact' depends on axioms: [propext]
info: GaussianScalarCircuits.lean:579:0: 'GaussianSynthesis.recoverIfImage_rejects' depends on axioms: [propext]
info: GaussianScalarCircuits.lean:599:0: 'GaussianSynthesis.certified_dirty_recovery_and_restore' does not depend on any axioms
info: GaussianScalarCircuits.lean:633:0: 'GaussianSynthesis.common_phase_center_image' depends on axioms: [propext, Classical.choice, Quot.sound]
info: GaussianScalarCircuits.lean:634:0: 'GaussianSynthesis.per_role_phase_image_obstruction' depends on axioms: [propext, Quot.sound]
info: GaussianScalarCircuits.lean:658:0: 'GaussianSynthesis.canonical_tag_minimal' depends on axioms: [propext, Classical.choice, Quot.sound]
info: GaussianScalarCircuits.lean:659:0: 'GaussianSynthesis.normalized_tag_minimal' depends on axioms: [propext, Classical.choice, Quot.sound]
ℹ [5/8] Replayed GaussianTensorExecution
info: GaussianTensorExecution.lean:228:0: 'GaussianTensorExecution.axis_inverse_forward' depends on axioms: [propext, Quot.sound]
info: GaussianTensorExecution.lean:229:0: 'GaussianTensorExecution.inverse_forward' depends on axioms: [propext, Quot.sound]
info: GaussianTensorExecution.lean:333:0: 'GaussianTensorExecution.inverse_forward_leaf_sameValue' depends on axioms: [propext, Quot.sound]
info: GaussianTensorExecution.lean:334:0: 'GaussianTensorExecution.inverse_forward_leaf_canonical' depends on axioms: [propext, Classical.choice, Quot.sound]
info: GaussianTensorExecution.lean:335:0: 'GaussianTensorExecution.forward_leaf_binary_grid' depends on axioms: [propext, Classical.choice, Quot.sound]
info: GaussianTensorExecution.lean:336:0: 'GaussianTensorExecution.forward_impulse_first' depends on axioms: [propext]
info: GaussianTensorExecution.lean:337:0: 'GaussianTensorExecution.forward_even_grid_sharp' depends on axioms: [propext, Classical.choice, Quot.sound]
info: GaussianTensorExecution.lean:338:0: 'GaussianTensorExecution.forward_odd_grid_sharp' depends on axioms: [propext, Classical.choice, Quot.sound]
info: GaussianTensorExecution.lean:402:0: 'GaussianTensorExecution.execute_inverse_forward_exact' depends on axioms: [propext, Quot.sound]
info: GaussianTensorExecution.lean:403:0: 'GaussianTensorExecution.execute_inverse_forward_canonical' depends on axioms: [propext, Classical.choice, Quot.sound]
info: GaussianTensorExecution.lean:404:0: 'GaussianTensorExecution.forward_binary_input_grid' depends on axioms: [propext, Classical.choice, Quot.sound]
info: GaussianTensorExecution.lean:405:0: 'GaussianTensorExecution.forward_odd_binary_sublattice' depends on axioms: [propext, Classical.choice, Quot.sound]
ℹ [6/8] Built CommunityPrecisionProfile (1.1s)
info: CommunityPrecisionProfile.lean:70:0: 'CommunityPrecision.ceilHalf_subadditive' depends on axioms: [propext, Quot.sound]
info: CommunityPrecisionProfile.lean:71:0: 'CommunityPrecision.ceilHalf_mul_bound' depends on axioms: [propext, Quot.sound]
info: CommunityPrecisionProfile.lean:72:0: 'CommunityPrecision.arbitrary_profile_bound' depends on axioms: [propext, Quot.sound]
info: CommunityPrecisionProfile.lean:73:0: 'CommunityPrecision.certified_all_width_bound' depends on axioms: [propext, Quot.sound]
ℹ [7/8] Built AuditAll (921ms)
info: AuditAll.lean:4:0: 'GaussianParity.GInt.ext' depends on axioms: [propext]
info: AuditAll.lean:5:0: 'GaussianParity.residue_zero_iff' depends on axioms: [propext, Classical.choice, Quot.sound]
info: AuditAll.lean:6:0: 'GaussianParity.dividePi_exact_iff' depends on axioms: [propext, Quot.sound]
info: AuditAll.lean:7:0: 'GaussianParity.dividePi_mulPi' depends on axioms: [propext, Quot.sound]
info: AuditAll.lean:8:0: 'GaussianParity.butterfly_integral_iff' depends on axioms: [propext, Classical.choice, Quot.sound]
info: AuditAll.lean:9:0: 'GaussianParity.butterfly_exact' depends on axioms: [propext, Classical.choice, Quot.sound]
info: AuditAll.lean:10:0: 'GaussianParity.butterfly_sameResidue' depends on axioms: [propext, Quot.sound]
info: AuditAll.lean:11:0: 'GaussianParity.butterfly_square' depends on axioms: [propext, Quot.sound]
info: AuditAll.lean:12:0: 'GaussianParity.residue_mulI' depends on axioms: [propext, Quot.sound]
info: AuditAll.lean:13:0: 'GaussianParity.residue_add' depends on axioms: [propext, Quot.sound]
info: AuditAll.lean:14:0: 'GaussianParity.residue_mulPi' depends on axioms: [propext, Quot.sound]
info: AuditAll.lean:15:0: 'GaussianParity.component_parity_implies_sameResidue' depends on axioms: [propext, Quot.sound]
info: AuditAll.lean:16:0: 'GaussianParity.cross_parity_example' depends on axioms: [propext]
info: AuditAll.lean:17:0: 'GaussianParity.changed_pairing_obstruction' depends on axioms: [propext]
info: AuditAll.lean:18:0: 'GaussianParity.piIter_mulPi' depends on axioms: [propext]
info: AuditAll.lean:19:0: 'GaussianParity.piIter_add' depends on axioms: [propext]
info: AuditAll.lean:20:0: 'GaussianParity.piIter_commute' depends on axioms: [propext]
info: AuditAll.lean:21:0: 'GaussianParity.mulPi_injective' depends on axioms: [propext, Quot.sound]
info: AuditAll.lean:22:0: 'GaussianParity.piIter_injective' depends on axioms: [propext, Quot.sound]
info: AuditAll.lean:23:0: 'GaussianParity.SameValue.refl' does not depend on any axioms
info: AuditAll.lean:24:0: 'GaussianParity.SameValue.symm' does not depend on any axioms
info: AuditAll.lean:25:0: 'GaussianParity.SameValue.trans' depends on axioms: [propext, Quot.sound]
info: AuditAll.lean:26:0: 'GaussianParity.certifiedButterfly_contract' depends on axioms: [propext, Classical.choice, Quot.sound]
info: AuditAll.lean:27:0: 'GaussianParity.certifiedButterfly_refines' depends on axioms: [propext, Classical.choice, Quot.sound]
info: AuditAll.lean:28:0: 'GaussianParity.certifiedButterfly_exponent_bound' depends on axioms: [propext, Quot.sound]
info: AuditAll.lean:29:0: 'GaussianParity.inverseButterfly_eq_swap' depends on axioms: [propext, Quot.sound]
info: AuditAll.lean:30:0: 'GaussianParity.inverseButterfly_after' depends on axioms: [propext, Quot.sound]
info: AuditAll.lean:31:0: 'GaussianParity.butterfly_fourth' depends on axioms: [propext, Quot.sound]
info: AuditAll.lean:32:0: 'GaussianParity.doubleButterfly_joint_parity' depends on axioms: [propext, Classical.choice, Quot.sound]
info: AuditAll.lean:33:0: 'GaussianParity.sharedDefect_is_bit' depends on axioms: [propext, Quot.sound]
info: AuditAll.lean:34:0: 'GaussianParity.sharedDefect_zero_iff' depends on axioms: [propext, Classical.choice, Quot.sound]
info: AuditAll.lean:35:0: 'GaussianParity.shared_defect_reconstruction' depends on axioms: [propext, Classical.choice, Quot.sound]
info: AuditAll.lean:36:0: 'GaussianParity.doubleButterfly_exact' depends on axioms: [propext, Quot.sound]
info: AuditAll.lean:37:0: 'GaussianParity.halfHadamard_exact_iff' depends on axioms: [propext, Classical.choice, Quot.sound]
info: AuditAll.lean:38:0: 'GaussianParity.cross_parity_fails_halfHadamard' does not depend on any axioms
info: AuditAll.lean:39:0: 'GaussianParity.raiseTo_sameValue' depends on axioms: [propext, Quot.sound]
info: AuditAll.lean:40:0: 'GaussianParity.alignedButterfly_input_exact' depends on axioms: [propext, Quot.sound]
info: AuditAll.lean:41:0: 'GaussianParity.alignedButterfly_refines' depends on axioms: [propext, Classical.choice, Quot.sound]
info: AuditAll.lean:42:0: 'GaussianParity.mulPi_square' depends on axioms: [propext, Quot.sound]
info: AuditAll.lean:43:0: 'GaussianParity.mulI_scale' depends on axioms: [propext, Classical.choice, Quot.sound]
info: AuditAll.lean:44:0: 'GaussianParity.scale_mul' depends on axioms: [propext]
info: AuditAll.lean:45:0: 'GaussianParity.repeatPi_even' depends on axioms: [propext, Classical.choice, Quot.sound]
info: AuditAll.lean:46:0: 'GaussianParity.mulI_negI' depends on axioms: [propext]
info: AuditAll.lean:47:0: 'GaussianParity.negI_mulI' depends on axioms: [propext]
info: AuditAll.lean:48:0: 'GaussianParity.repeatI_commute' depends on axioms: [propext]
info: AuditAll.lean:49:0: 'GaussianParity.repeatI_negI_commute' depends on axioms: [propext]
info: AuditAll.lean:50:0: 'GaussianParity.repeatI_cancel' depends on axioms: [propext]
info: AuditAll.lean:51:0: 'GaussianParity.mulPi_scale' depends on axioms: [propext, Classical.choice, Quot.sound]
info: AuditAll.lean:52:0: 'GaussianParity.repeatPi_odd' depends on axioms: [propext, Classical.choice, Quot.sound]
info: AuditAll.lean:53:0: 'GaussianParity.pi_even_ideal' depends on axioms: [propext, Classical.choice, Quot.sound]
info: AuditAll.lean:54:0: 'GaussianParity.pi_odd_ideal' depends on axioms: [propext, Classical.choice, Quot.sound]
info: AuditAll.lean:55:0: 'GaussianParity.odd_ideal_parity' depends on axioms: [propext, Classical.choice, Quot.sound]
info: AuditAll.lean:56:0: 'GaussianParity.pi_not_binary_one' depends on axioms: [propext, Quot.sound]
info: AuditAll.lean:57:0: 'GaussianParity.even_binary_conversion' depends on axioms: [propext, Classical.choice, Quot.sound]
info: AuditAll.lean:58:0: 'GaussianParity.odd_binary_conversion' depends on axioms: [propext, Classical.choice, Quot.sound]
info: AuditAll.lean:59:0: 'GaussianParity.residue_negI' depends on axioms: [propext, Quot.sound]
info: AuditAll.lean:60:0: 'GaussianParity.repeatNegI_residue' depends on axioms: [propext, Quot.sound]
info: AuditAll.lean:61:0: 'GaussianParity.odd_binary_numerator_parity' depends on axioms: [propext, Classical.choice, Quot.sound]
info: AuditAll.lean:62:0: 'GaussianParity.binary_grid_conversion' depends on axioms: [propext, Classical.choice, Quot.sound]
info: AuditAll.lean:63:0: 'GaussianParity.binary_one_residue_zero' depends on axioms: [propext, Quot.sound]
info: AuditAll.lean:64:0: 'GaussianParity.even_impulse_primitive' depends on axioms: [propext, Quot.sound]
info: AuditAll.lean:65:0: 'GaussianParity.bothOdd_negI' depends on axioms: [propext, Classical.choice, Quot.sound]
info: AuditAll.lean:66:0: 'GaussianParity.bothOdd_repeatNegI' depends on axioms: [propext, Classical.choice, Quot.sound]
info: AuditAll.lean:67:0: 'GaussianParity.odd_impulse_primitive' depends on axioms: [propext, Classical.choice, Quot.sound]
info: AuditAll.lean:68:0: 'GaussianParity.scale_injective' depends on axioms: [propext]
info: AuditAll.lean:69:0: 'GaussianParity.even_grid_sharp' depends on axioms: [propext, Classical.choice, Quot.sound]
info: AuditAll.lean:70:0: 'GaussianParity.odd_grid_sharp' depends on axioms: [propext, Classical.choice, Quot.sound]
info: AuditAll.lean:71:0: 'GaussianParity.gaussianMul_pi_pi' depends on axioms: [propext, Classical.choice, Quot.sound]
info: AuditAll.lean:72:0: 'GaussianParity.two_pi_factors_binary' depends on axioms: [propext, Classical.choice, Quot.sound]
info: AuditAll.lean:73:0: 'GaussianSynthesis.cancelPi_sameValue' depends on axioms: [propext, Classical.choice, Quot.sound]
info: AuditAll.lean:74:0: 'GaussianSynthesis.normalizeCore_sound' depends on axioms: [propext, Classical.choice, Quot.sound]
info: AuditAll.lean:75:0: 'GaussianSynthesis.normalize_sound' depends on axioms: [propext, Classical.choice, Quot.sound]
info: AuditAll.lean:76:0: 'GaussianSynthesis.normalizeCore_canonical' depends on axioms: [propext]
info: AuditAll.lean:77:0: 'GaussianSynthesis.normalize_canonical' depends on axioms: [propext]
info: AuditAll.lean:78:0: 'GaussianSynthesis.normalize_fixed' depends on axioms: [propext, Quot.sound]
info: AuditAll.lean:79:0: 'GaussianSynthesis.normalize_idempotent' depends on axioms: [propext, Quot.sound]
info: AuditAll.lean:80:0: 'GaussianSynthesis.normalizeCore_exponent_bound' depends on axioms: [propext, Quot.sound]
info: AuditAll.lean:81:0: 'GaussianSynthesis.normalize_zero' depends on axioms: [propext]
info: AuditAll.lean:82:0: 'GaussianSynthesis.positive_piIter_residue' depends on axioms: [propext, Quot.sound]
info: AuditAll.lean:83:0: 'GaussianSynthesis.canonical_tags_equal' depends on axioms: [propext, Quot.sound]
info: AuditAll.lean:84:0: 'GaussianSynthesis.canonical_unique' depends on axioms: [propext, Quot.sound]
info: AuditAll.lean:85:0: 'GaussianSynthesis.normalize_congr' depends on axioms: [propext, Classical.choice, Quot.sound]
info: AuditAll.lean:86:0: 'GaussianSynthesis.mixed_center_image' depends on axioms: [propext, Quot.sound]
info: AuditAll.lean:87:0: 'GaussianSynthesis.fresh_total_recovery' depends on axioms: [propext, Quot.sound]
info: AuditAll.lean:88:0: 'GaussianSynthesis.fresh_doubled_center' depends on axioms: [propext, Quot.sound]
info: AuditAll.lean:89:0: 'GaussianSynthesis.fresh_scatter_denominator_cancellation' depends on axioms: [propext, Classical.choice, Quot.sound]
info: AuditAll.lean:90:0: 'GaussianSynthesis.corrected_bulk_coefficient' depends on axioms: [propext, Quot.sound]
info: AuditAll.lean:91:0: 'GaussianSynthesis.dirty_center_obstruction' depends on axioms: [propext, Classical.choice, Quot.sound]
info: AuditAll.lean:92:0: 'GaussianSynthesis.dirty_center_difference_is_fresh' depends on axioms: [propext, Quot.sound]
info: AuditAll.lean:93:0: 'GaussianSynthesis.centerColumn_image' depends on axioms: [propext, Classical.choice, Quot.sound]
info: AuditAll.lean:94:0: 'GaussianSynthesis.centerPlus_image' depends on axioms: [propext, Quot.sound]
info: AuditAll.lean:95:0: 'GaussianSynthesis.arbitrary_fresh_columns_image' depends on axioms: [propext, Classical.choice, Quot.sound]
info: AuditAll.lean:96:0: 'GaussianSynthesis.arbitrary_fresh_columns_total' depends on axioms: [propext, Classical.choice, Quot.sound]
info: AuditAll.lean:97:0: 'GaussianSynthesis.dirty_update_difference_image' depends on axioms: [propext, Classical.choice, Quot.sound]
info: AuditAll.lean:98:0: 'GaussianSynthesis.raw_dirty_update_defect' depends on axioms: [propext, Classical.choice, Quot.sound]
info: AuditAll.lean:99:0: 'GaussianSynthesis.corrected_scatter_column_exact' depends on axioms: [propext, Classical.choice, Quot.sound]
info: AuditAll.lean:100:0: 'GaussianSynthesis.corrected_scatter_sum_exact' depends on axioms: [propext, Classical.choice, Quot.sound]
info: AuditAll.lean:101:0: 'GaussianSynthesis.corrected_scatter_sum_integral' depends on axioms: [propext, Classical.choice, Quot.sound]
info: AuditAll.lean:102:0: 'GaussianSynthesis.fresh_bulk_half_sharp' depends on axioms: [propext, Classical.choice, Quot.sound]
info: AuditAll.lean:103:0: 'GaussianSynthesis.rawC_left_square' depends on axioms: [propext, Quot.sound]
info: AuditAll.lean:104:0: 'GaussianSynthesis.rawC_right_square' depends on axioms: [propext, Quot.sound]
info: AuditAll.lean:105:0: 'GaussianSynthesis.two_pi_numerator_sameValue' depends on axioms: [propext]
info: AuditAll.lean:106:0: 'GaussianSynthesis.rawC_square_exact' depends on axioms: [propext, Quot.sound]
info: AuditAll.lean:107:0: 'GaussianSynthesis.rawC_inverse_exact' depends on axioms: [propext, Quot.sound]
info: AuditAll.lean:108:0: 'GaussianSynthesis.heterogeneous_inverse_restores' depends on axioms: [propext, Quot.sound]
info: AuditAll.lean:109:0: 'GaussianSynthesis.canonical_inverse_restores' depends on axioms: [propext, Classical.choice, Quot.sound]
info: AuditAll.lean:110:0: 'GaussianSynthesis.phase_inverse_restores' depends on axioms: [propext]
info: AuditAll.lean:111:0: 'GaussianSynthesis.half_double_restores' depends on axioms: [propext, Quot.sound]
info: AuditAll.lean:112:0: 'GaussianSynthesis.gaussian_update_difference' depends on axioms: [propext, Quot.sound]
info: AuditAll.lean:113:0: 'GaussianSynthesis.mulI_difference' depends on axioms: [propext, Quot.sound]
info: AuditAll.lean:114:0: 'GaussianSynthesis.phase_difference' depends on axioms: [propext, Quot.sound]
info: AuditAll.lean:115:0: 'GaussianSynthesis.matching_phase_dirty_difference' depends on axioms: [propext, Quot.sound]
info: AuditAll.lean:116:0: 'GaussianSynthesis.mismatched_phase_image_obstruction' depends on axioms: [propext, Quot.sound]
info: AuditAll.lean:117:0: 'GaussianSynthesis.producer_image_iff_roundtrip' does not depend on any axioms
info: AuditAll.lean:118:0: 'GaussianSynthesis.producer_projection_idempotent' does not depend on any axioms
info: AuditAll.lean:119:0: 'GaussianSynthesis.image_difference_recovers' does not depend on any axioms
info: AuditAll.lean:120:0: 'GaussianSynthesis.recoverIfImage_exact' depends on axioms: [propext]
info: AuditAll.lean:121:0: 'GaussianSynthesis.recoverIfImage_rejects' depends on axioms: [propext]
info: AuditAll.lean:122:0: 'GaussianSynthesis.certified_dirty_recovery_and_restore' does not depend on any axioms
info: AuditAll.lean:123:0: 'GaussianSynthesis.phase_scale' depends on axioms: [propext, Classical.choice, Quot.sound]
info: AuditAll.lean:124:0: 'GaussianSynthesis.common_phase_center_image' depends on axioms: [propext, Classical.choice, Quot.sound]
info: AuditAll.lean:125:0: 'GaussianSynthesis.per_role_phase_image_obstruction' depends on axioms: [propext, Quot.sound]
info: AuditAll.lean:126:0: 'GaussianSynthesis.canonical_tag_minimal' depends on axioms: [propext, Classical.choice, Quot.sound]
info: AuditAll.lean:127:0: 'GaussianSynthesis.normalized_tag_minimal' depends on axioms: [propext, Classical.choice, Quot.sound]
info: AuditAll.lean:128:0: 'CommunityPrecision.ceilHalf_subadditive' depends on axioms: [propext, Quot.sound]
info: AuditAll.lean:129:0: 'CommunityPrecision.ceilHalf_mul_bound' depends on axioms: [propext, Quot.sound]
info: AuditAll.lean:130:0: 'CommunityPrecision.arbitrary_profile_bound' depends on axioms: [propext, Quot.sound]
info: AuditAll.lean:131:0: 'CommunityPrecision.profile_rank_mass' does not depend on any axioms
info: AuditAll.lean:132:0: 'CommunityPrecision.profile_odd_multiplicity' does not depend on any axioms
info: AuditAll.lean:133:0: 'CommunityPrecision.profile_precision_charge' does not depend on any axioms
info: AuditAll.lean:134:0: 'CommunityPrecision.profile_call_count' does not depend on any axioms
info: AuditAll.lean:135:0: 'CommunityPrecision.certified_all_width_bound' depends on axioms: [propext, Quot.sound]
info: AuditAll.lean:136:0: 'CommunityPrecision.profile_saving' does not depend on any axioms
info: AuditAll.lean:137:0: 'GaussianTensorExecution.cubeMap_congr' does not depend on any axioms
info: AuditAll.lean:138:0: 'GaussianTensorExecution.cubeMap_comp' does not depend on any axioms
info: AuditAll.lean:139:0: 'GaussianTensorExecution.cubeMap_zip' does not depend on any axioms
info: AuditAll.lean:140:0: 'GaussianTensorExecution.mulPi_add' depends on axioms: [propext, Quot.sound]
info: AuditAll.lean:141:0: 'GaussianTensorExecution.mulPi_mulI' depends on axioms: [propext, Quot.sound]
info: AuditAll.lean:142:0: 'GaussianTensorExecution.cubePi_add' depends on axioms: [propext, Quot.sound]
info: AuditAll.lean:143:0: 'GaussianTensorExecution.cubePi_I' depends on axioms: [propext, Quot.sound]
info: AuditAll.lean:144:0: 'GaussianTensorExecution.axisForward_pi' depends on axioms: [propext, Quot.sound]
info: AuditAll.lean:145:0: 'GaussianTensorExecution.axisInverse_pi' depends on axioms: [propext, Quot.sound]
info: AuditAll.lean:146:0: 'GaussianTensorExecution.inverse_pi' depends on axioms: [propext, Quot.sound]
info: AuditAll.lean:147:0: 'GaussianTensorExecution.cubePiIter_succ' does not depend on any axioms
info: AuditAll.lean:148:0: 'GaussianTensorExecution.cubePiIter_add' depends on axioms: [propext]
info: AuditAll.lean:149:0: 'GaussianTensorExecution.cube_ext' does not depend on any axioms
info: AuditAll.lean:150:0: 'GaussianTensorExecution.get_map' depends on axioms: [propext]
info: AuditAll.lean:151:0: 'GaussianTensorExecution.get_zip' depends on axioms: [propext]
info: AuditAll.lean:152:0: 'GaussianTensorExecution.cubeMap_id' depends on axioms: [propext]
info: AuditAll.lean:153:0: 'GaussianTensorExecution.inverse_piIter' depends on axioms: [propext, Quot.sound]
info: AuditAll.lean:154:0: 'GaussianTensorExecution.axis_inverse_forward' depends on axioms: [propext, Quot.sound]
info: AuditAll.lean:155:0: 'GaussianTensorExecution.inverse_forward' depends on axioms: [propext, Quot.sound]
info: AuditAll.lean:156:0: 'GaussianTensorExecution.shifted_tag_sameValue' depends on axioms: [propext]
info: AuditAll.lean:157:0: 'GaussianTensorExecution.inverse_forward_leaf_sameValue' depends on axioms: [propext, Quot.sound]
info: AuditAll.lean:158:0: 'GaussianTensorExecution.inverse_forward_leaf_canonical' depends on axioms: [propext, Classical.choice, Quot.sound]
info: AuditAll.lean:159:0: 'GaussianTensorExecution.repeatPi_eq_piIter' depends on axioms: [propext]
info: AuditAll.lean:160:0: 'GaussianTensorExecution.forward_leaf_binary_grid' depends on axioms: [propext, Classical.choice, Quot.sound]
info: AuditAll.lean:161:0: 'GaussianTensorExecution.cubeI_zero' does not depend on any axioms
info: AuditAll.lean:162:0: 'GaussianTensorExecution.cubeAdd_zero_left' depends on axioms: [propext]
info: AuditAll.lean:163:0: 'GaussianTensorExecution.forward_zero' depends on axioms: [propext]
info: AuditAll.lean:164:0: 'GaussianTensorExecution.forward_impulse_first' depends on axioms: [propext]
info: AuditAll.lean:165:0: 'GaussianTensorExecution.forward_even_grid_sharp' depends on axioms: [propext, Classical.choice, Quot.sound]
info: AuditAll.lean:166:0: 'GaussianTensorExecution.forward_odd_grid_sharp' depends on axioms: [propext, Classical.choice, Quot.sound]
info: AuditAll.lean:167:0: 'GaussianTensorExecution.execute_inverse_forward_exact' depends on axioms: [propext, Quot.sound]
info: AuditAll.lean:168:0: 'GaussianTensorExecution.execute_inverse_forward_canonical' depends on axioms: [propext, Classical.choice, Quot.sound]
info: AuditAll.lean:169:0: 'GaussianTensorExecution.execute_forward_tag' does not depend on any axioms
info: AuditAll.lean:170:0: 'GaussianTensorExecution.forward_binary_input_grid' depends on axioms: [propext, Classical.choice, Quot.sound]
info: AuditAll.lean:171:0: 'GaussianTensorExecution.forward_odd_binary_sublattice' depends on axioms: [propext, Classical.choice, Quot.sound]
Build completed successfully (8 jobs).
