'GaussianParity.GInt.ext' depends on axioms: [propext]
'GaussianParity.residue_zero_iff' depends on axioms: [propext, Classical.choice, Quot.sound]
'GaussianParity.dividePi_exact_iff' depends on axioms: [propext, Quot.sound]
'GaussianParity.dividePi_mulPi' depends on axioms: [propext, Quot.sound]
'GaussianParity.butterfly_integral_iff' depends on axioms: [propext, Classical.choice, Quot.sound]
'GaussianParity.butterfly_exact' depends on axioms: [propext, Classical.choice, Quot.sound]
'GaussianParity.butterfly_sameResidue' depends on axioms: [propext, Quot.sound]
'GaussianParity.butterfly_square' depends on axioms: [propext, Quot.sound]
'GaussianParity.residue_mulI' depends on axioms: [propext, Quot.sound]
'GaussianParity.residue_add' depends on axioms: [propext, Quot.sound]
'GaussianParity.residue_mulPi' depends on axioms: [propext, Quot.sound]
'GaussianParity.component_parity_implies_sameResidue' depends on axioms: [propext, Quot.sound]
'GaussianParity.cross_parity_example' depends on axioms: [propext]
'GaussianParity.changed_pairing_obstruction' depends on axioms: [propext]
'GaussianParity.piIter_mulPi' depends on axioms: [propext]
'GaussianParity.piIter_add' depends on axioms: [propext]
'GaussianParity.piIter_commute' depends on axioms: [propext]
'GaussianParity.mulPi_injective' depends on axioms: [propext, Quot.sound]
'GaussianParity.piIter_injective' depends on axioms: [propext, Quot.sound]
'GaussianParity.SameValue.refl' does not depend on any axioms
'GaussianParity.SameValue.symm' does not depend on any axioms
'GaussianParity.SameValue.trans' depends on axioms: [propext, Quot.sound]
'GaussianParity.certifiedButterfly_contract' depends on axioms: [propext, Classical.choice, Quot.sound]
'GaussianParity.certifiedButterfly_refines' depends on axioms: [propext, Classical.choice, Quot.sound]
'GaussianParity.certifiedButterfly_exponent_bound' depends on axioms: [propext, Quot.sound]
'GaussianParity.inverseButterfly_eq_swap' depends on axioms: [propext, Quot.sound]
'GaussianParity.inverseButterfly_after' depends on axioms: [propext, Quot.sound]
'GaussianParity.butterfly_fourth' depends on axioms: [propext, Quot.sound]
'GaussianParity.doubleButterfly_joint_parity' depends on axioms: [propext, Classical.choice, Quot.sound]
'GaussianParity.sharedDefect_is_bit' depends on axioms: [propext, Quot.sound]
'GaussianParity.sharedDefect_zero_iff' depends on axioms: [propext, Classical.choice, Quot.sound]
'GaussianParity.shared_defect_reconstruction' depends on axioms: [propext, Classical.choice, Quot.sound]
'GaussianParity.doubleButterfly_exact' depends on axioms: [propext, Quot.sound]
'GaussianParity.halfHadamard_exact_iff' depends on axioms: [propext, Classical.choice, Quot.sound]
'GaussianParity.cross_parity_fails_halfHadamard' does not depend on any axioms
'GaussianParity.raiseTo_sameValue' depends on axioms: [propext, Quot.sound]
'GaussianParity.alignedButterfly_input_exact' depends on axioms: [propext, Quot.sound]
'GaussianParity.alignedButterfly_refines' depends on axioms: [propext, Classical.choice, Quot.sound]
'GaussianParity.mulPi_square' depends on axioms: [propext, Quot.sound]
'GaussianParity.mulI_scale' depends on axioms: [propext, Classical.choice, Quot.sound]
'GaussianParity.scale_mul' depends on axioms: [propext]
'GaussianParity.repeatPi_even' depends on axioms: [propext, Classical.choice, Quot.sound]
'GaussianParity.mulI_negI' depends on axioms: [propext]
'GaussianParity.negI_mulI' depends on axioms: [propext]
'GaussianParity.repeatI_commute' depends on axioms: [propext]
'GaussianParity.repeatI_negI_commute' depends on axioms: [propext]
'GaussianParity.repeatI_cancel' depends on axioms: [propext]
'GaussianParity.mulPi_scale' depends on axioms: [propext, Classical.choice, Quot.sound]
'GaussianParity.repeatPi_odd' depends on axioms: [propext, Classical.choice, Quot.sound]
'GaussianParity.pi_even_ideal' depends on axioms: [propext, Classical.choice, Quot.sound]
'GaussianParity.pi_odd_ideal' depends on axioms: [propext, Classical.choice, Quot.sound]
'GaussianParity.odd_ideal_parity' depends on axioms: [propext, Classical.choice, Quot.sound]
'GaussianParity.pi_not_binary_one' depends on axioms: [propext, Quot.sound]
'GaussianParity.even_binary_conversion' depends on axioms: [propext, Classical.choice, Quot.sound]
'GaussianParity.odd_binary_conversion' depends on axioms: [propext, Classical.choice, Quot.sound]
'GaussianParity.residue_negI' depends on axioms: [propext, Quot.sound]
'GaussianParity.repeatNegI_residue' depends on axioms: [propext, Quot.sound]
'GaussianParity.odd_binary_numerator_parity' depends on axioms: [propext, Classical.choice, Quot.sound]
'GaussianParity.binary_grid_conversion' depends on axioms: [propext, Classical.choice, Quot.sound]
'GaussianParity.binary_one_residue_zero' depends on axioms: [propext, Quot.sound]
'GaussianParity.even_impulse_primitive' depends on axioms: [propext, Quot.sound]
'GaussianParity.bothOdd_negI' depends on axioms: [propext, Classical.choice, Quot.sound]
'GaussianParity.bothOdd_repeatNegI' depends on axioms: [propext, Classical.choice, Quot.sound]
'GaussianParity.odd_impulse_primitive' depends on axioms: [propext, Classical.choice, Quot.sound]
'GaussianParity.scale_injective' depends on axioms: [propext]
'GaussianParity.even_grid_sharp' depends on axioms: [propext, Classical.choice, Quot.sound]
'GaussianParity.odd_grid_sharp' depends on axioms: [propext, Classical.choice, Quot.sound]
'GaussianParity.gaussianMul_pi_pi' depends on axioms: [propext, Classical.choice, Quot.sound]
'GaussianParity.two_pi_factors_binary' depends on axioms: [propext, Classical.choice, Quot.sound]
