Lean (version 4.31.0, x86_64-w64-windows-gnu, commit 68218e876d2a38b1985b8590fff244a83c321783, Release)
'GaussianParity.butterfly_integral_iff' depends on axioms: [propext, Classical.choice, Quot.sound]
'GaussianParity.butterfly_exact' depends on axioms: [propext, Classical.choice, Quot.sound]
'GaussianParity.butterfly_sameResidue' depends on axioms: [propext, Quot.sound]
'GaussianParity.butterfly_square' depends on axioms: [propext, Quot.sound]
'GaussianParity.changed_pairing_obstruction' depends on axioms: [propext]
'GaussianParity.SameValue.trans' depends on axioms: [propext, Quot.sound]
'GaussianParity.certifiedButterfly_refines' depends on axioms: [propext, Classical.choice, Quot.sound]
'GaussianParity.inverseButterfly_after' depends on axioms: [propext, Quot.sound]
'GaussianParity.butterfly_fourth' depends on axioms: [propext, Quot.sound]
'GaussianParity.doubleButterfly_joint_parity' depends on axioms: [propext, Classical.choice, Quot.sound]
'GaussianParity.halfHadamard_exact_iff' depends on axioms: [propext, Classical.choice, Quot.sound]
'GaussianParity.raiseTo_sameValue' depends on axioms: [propext, Quot.sound]
'GaussianParity.alignedButterfly_refines' depends on axioms: [propext, Classical.choice, Quot.sound]
'GaussianParity.sharedDefect_zero_iff' depends on axioms: [propext, Classical.choice, Quot.sound]
'GaussianParity.shared_defect_reconstruction' depends on axioms: [propext, Classical.choice, Quot.sound]
'GaussianParity.repeatPi_even' depends on axioms: [propext, Classical.choice, Quot.sound]
'GaussianParity.pi_even_ideal' depends on axioms: [propext, Classical.choice, Quot.sound]
'GaussianParity.pi_odd_ideal' depends on axioms: [propext, Classical.choice, Quot.sound]
'GaussianParity.pi_not_binary_one' depends on axioms: [propext, Quot.sound]
'GaussianParity.binary_grid_conversion' depends on axioms: [propext, Classical.choice, Quot.sound]
'GaussianParity.odd_binary_numerator_parity' depends on axioms: [propext, Classical.choice, Quot.sound]
'GaussianParity.even_impulse_primitive' depends on axioms: [propext, Quot.sound]
'GaussianParity.odd_impulse_primitive' depends on axioms: [propext, Classical.choice, Quot.sound]
'GaussianParity.even_grid_sharp' depends on axioms: [propext, Classical.choice, Quot.sound]
'GaussianParity.odd_grid_sharp' depends on axioms: [propext, Classical.choice, Quot.sound]
'GaussianParity.gaussianMul_pi_pi' depends on axioms: [propext, Classical.choice, Quot.sound]
'GaussianParity.two_pi_factors_binary' depends on axioms: [propext, Classical.choice, Quot.sound]
All included Lean modules checked successfully.
