ℹ [2/5] Built DyadicCertificates (3.1s)
info: DyadicCertificates.lean:375:0: 'GaussianParity.butterfly_integral_iff' depends on axioms: [propext, Classical.choice, Quot.sound]
info: DyadicCertificates.lean:376:0: 'GaussianParity.butterfly_exact' depends on axioms: [propext, Classical.choice, Quot.sound]
info: DyadicCertificates.lean:377:0: 'GaussianParity.butterfly_sameResidue' depends on axioms: [propext, Quot.sound]
info: DyadicCertificates.lean:378:0: 'GaussianParity.butterfly_square' depends on axioms: [propext, Quot.sound]
info: DyadicCertificates.lean:379:0: 'GaussianParity.changed_pairing_obstruction' depends on axioms: [propext]
info: DyadicCertificates.lean:380:0: 'GaussianParity.SameValue.trans' depends on axioms: [propext, Quot.sound]
info: DyadicCertificates.lean:381:0: 'GaussianParity.certifiedButterfly_refines' depends on axioms: [propext, Classical.choice, Quot.sound]
info: DyadicCertificates.lean:382:0: 'GaussianParity.inverseButterfly_after' depends on axioms: [propext, Quot.sound]
info: DyadicCertificates.lean:383:0: 'GaussianParity.butterfly_fourth' depends on axioms: [propext, Quot.sound]
info: DyadicCertificates.lean:384:0: 'GaussianParity.doubleButterfly_joint_parity' depends on axioms: [propext, Classical.choice, Quot.sound]
info: DyadicCertificates.lean:385:0: 'GaussianParity.halfHadamard_exact_iff' depends on axioms: [propext, Classical.choice, Quot.sound]
info: DyadicCertificates.lean:386:0: 'GaussianParity.raiseTo_sameValue' depends on axioms: [propext, Quot.sound]
info: DyadicCertificates.lean:387:0: 'GaussianParity.alignedButterfly_refines' depends on axioms: [propext, Classical.choice, Quot.sound]
info: DyadicCertificates.lean:388:0: 'GaussianParity.sharedDefect_zero_iff' depends on axioms: [propext, Classical.choice, Quot.sound]
info: DyadicCertificates.lean:389:0: 'GaussianParity.shared_defect_reconstruction' depends on axioms: [propext, Classical.choice, Quot.sound]
ℹ [3/5] Built GaussianLattice (1.3s)
info: GaussianLattice.lean:129:0: 'GaussianParity.repeatPi_even' depends on axioms: [propext, Classical.choice, Quot.sound]
info: GaussianLattice.lean:130:0: 'GaussianParity.pi_even_ideal' depends on axioms: [propext, Classical.choice, Quot.sound]
info: GaussianLattice.lean:131:0: 'GaussianParity.pi_odd_ideal' depends on axioms: [propext, Classical.choice, Quot.sound]
info: GaussianLattice.lean:132:0: 'GaussianParity.pi_not_binary_one' depends on axioms: [propext, Quot.sound]
info: GaussianLattice.lean:235:0: 'GaussianParity.binary_grid_conversion' depends on axioms: [propext, Classical.choice, Quot.sound]
info: GaussianLattice.lean:236:0: 'GaussianParity.odd_binary_numerator_parity' depends on axioms: [propext, Classical.choice, Quot.sound]
info: GaussianLattice.lean:237:0: 'GaussianParity.even_impulse_primitive' depends on axioms: [propext, Quot.sound]
info: GaussianLattice.lean:238:0: 'GaussianParity.odd_impulse_primitive' depends on axioms: [propext, Classical.choice, Quot.sound]
info: GaussianLattice.lean:278:0: 'GaussianParity.even_grid_sharp' depends on axioms: [propext, Classical.choice, Quot.sound]
info: GaussianLattice.lean:279:0: 'GaussianParity.odd_grid_sharp' depends on axioms: [propext, Classical.choice, Quot.sound]
info: GaussianLattice.lean:303:0: 'GaussianParity.gaussianMul_pi_pi' depends on axioms: [propext, Classical.choice, Quot.sound]
info: GaussianLattice.lean:304:0: 'GaussianParity.two_pi_factors_binary' depends on axioms: [propext, Classical.choice, Quot.sound]
ℹ [4/5] Built AuditAll (1.1s)
info: AuditAll.lean:4:0: 'GaussianParity.GInt.ext' depends on axioms: [propext]
info: AuditAll.lean:5:0: 'GaussianParity.residue_zero_iff' depends on axioms: [propext, Classical.choice, Quot.sound]
info: AuditAll.lean:6:0: 'GaussianParity.dividePi_exact_iff' depends on axioms: [propext, Quot.sound]
info: AuditAll.lean:7:0: 'GaussianParity.dividePi_mulPi' depends on axioms: [propext, Quot.sound]
info: AuditAll.lean:8:0: 'GaussianParity.butterfly_integral_iff' depends on axioms: [propext, Classical.choice, Quot.sound]
info: AuditAll.lean:9:0: 'GaussianParity.butterfly_exact' depends on axioms: [propext, Classical.choice, Quot.sound]
info: AuditAll.lean:10:0: 'GaussianParity.butterfly_sameResidue' depends on axioms: [propext, Quot.sound]
info: AuditAll.lean:11:0: 'GaussianParity.butterfly_square' depends on axioms: [propext, Quot.sound]
info: AuditAll.lean:12:0: 'GaussianParity.residue_mulI' depends on axioms: [propext, Quot.sound]
info: AuditAll.lean:13:0: 'GaussianParity.residue_add' depends on axioms: [propext, Quot.sound]
info: AuditAll.lean:14:0: 'GaussianParity.residue_mulPi' depends on axioms: [propext, Quot.sound]
info: AuditAll.lean:15:0: 'GaussianParity.component_parity_implies_sameResidue' depends on axioms: [propext, Quot.sound]
info: AuditAll.lean:16:0: 'GaussianParity.cross_parity_example' depends on axioms: [propext]
info: AuditAll.lean:17:0: 'GaussianParity.changed_pairing_obstruction' depends on axioms: [propext]
info: AuditAll.lean:18:0: 'GaussianParity.piIter_mulPi' depends on axioms: [propext]
info: AuditAll.lean:19:0: 'GaussianParity.piIter_add' depends on axioms: [propext]
info: AuditAll.lean:20:0: 'GaussianParity.piIter_commute' depends on axioms: [propext]
info: AuditAll.lean:21:0: 'GaussianParity.mulPi_injective' depends on axioms: [propext, Quot.sound]
info: AuditAll.lean:22:0: 'GaussianParity.piIter_injective' depends on axioms: [propext, Quot.sound]
info: AuditAll.lean:23:0: 'GaussianParity.SameValue.refl' does not depend on any axioms
info: AuditAll.lean:24:0: 'GaussianParity.SameValue.symm' does not depend on any axioms
info: AuditAll.lean:25:0: 'GaussianParity.SameValue.trans' depends on axioms: [propext, Quot.sound]
info: AuditAll.lean:26:0: 'GaussianParity.certifiedButterfly_contract' depends on axioms: [propext, Classical.choice, Quot.sound]
info: AuditAll.lean:27:0: 'GaussianParity.certifiedButterfly_refines' depends on axioms: [propext, Classical.choice, Quot.sound]
info: AuditAll.lean:28:0: 'GaussianParity.certifiedButterfly_exponent_bound' depends on axioms: [propext, Quot.sound]
info: AuditAll.lean:29:0: 'GaussianParity.inverseButterfly_eq_swap' depends on axioms: [propext, Quot.sound]
info: AuditAll.lean:30:0: 'GaussianParity.inverseButterfly_after' depends on axioms: [propext, Quot.sound]
info: AuditAll.lean:31:0: 'GaussianParity.butterfly_fourth' depends on axioms: [propext, Quot.sound]
info: AuditAll.lean:32:0: 'GaussianParity.doubleButterfly_joint_parity' depends on axioms: [propext, Classical.choice, Quot.sound]
info: AuditAll.lean:33:0: 'GaussianParity.sharedDefect_is_bit' depends on axioms: [propext, Quot.sound]
info: AuditAll.lean:34:0: 'GaussianParity.sharedDefect_zero_iff' depends on axioms: [propext, Classical.choice, Quot.sound]
info: AuditAll.lean:35:0: 'GaussianParity.shared_defect_reconstruction' depends on axioms: [propext, Classical.choice, Quot.sound]
info: AuditAll.lean:36:0: 'GaussianParity.doubleButterfly_exact' depends on axioms: [propext, Quot.sound]
info: AuditAll.lean:37:0: 'GaussianParity.halfHadamard_exact_iff' depends on axioms: [propext, Classical.choice, Quot.sound]
info: AuditAll.lean:38:0: 'GaussianParity.cross_parity_fails_halfHadamard' does not depend on any axioms
info: AuditAll.lean:39:0: 'GaussianParity.raiseTo_sameValue' depends on axioms: [propext, Quot.sound]
info: AuditAll.lean:40:0: 'GaussianParity.alignedButterfly_input_exact' depends on axioms: [propext, Quot.sound]
info: AuditAll.lean:41:0: 'GaussianParity.alignedButterfly_refines' depends on axioms: [propext, Classical.choice, Quot.sound]
info: AuditAll.lean:42:0: 'GaussianParity.mulPi_square' depends on axioms: [propext, Quot.sound]
info: AuditAll.lean:43:0: 'GaussianParity.mulI_scale' depends on axioms: [propext, Classical.choice, Quot.sound]
info: AuditAll.lean:44:0: 'GaussianParity.scale_mul' depends on axioms: [propext]
info: AuditAll.lean:45:0: 'GaussianParity.repeatPi_even' depends on axioms: [propext, Classical.choice, Quot.sound]
info: AuditAll.lean:46:0: 'GaussianParity.mulI_negI' depends on axioms: [propext]
info: AuditAll.lean:47:0: 'GaussianParity.negI_mulI' depends on axioms: [propext]
info: AuditAll.lean:48:0: 'GaussianParity.repeatI_commute' depends on axioms: [propext]
info: AuditAll.lean:49:0: 'GaussianParity.repeatI_negI_commute' depends on axioms: [propext]
info: AuditAll.lean:50:0: 'GaussianParity.repeatI_cancel' depends on axioms: [propext]
info: AuditAll.lean:51:0: 'GaussianParity.mulPi_scale' depends on axioms: [propext, Classical.choice, Quot.sound]
info: AuditAll.lean:52:0: 'GaussianParity.repeatPi_odd' depends on axioms: [propext, Classical.choice, Quot.sound]
info: AuditAll.lean:53:0: 'GaussianParity.pi_even_ideal' depends on axioms: [propext, Classical.choice, Quot.sound]
info: AuditAll.lean:54:0: 'GaussianParity.pi_odd_ideal' depends on axioms: [propext, Classical.choice, Quot.sound]
info: AuditAll.lean:55:0: 'GaussianParity.odd_ideal_parity' depends on axioms: [propext, Classical.choice, Quot.sound]
info: AuditAll.lean:56:0: 'GaussianParity.pi_not_binary_one' depends on axioms: [propext, Quot.sound]
info: AuditAll.lean:57:0: 'GaussianParity.even_binary_conversion' depends on axioms: [propext, Classical.choice, Quot.sound]
info: AuditAll.lean:58:0: 'GaussianParity.odd_binary_conversion' depends on axioms: [propext, Classical.choice, Quot.sound]
info: AuditAll.lean:59:0: 'GaussianParity.residue_negI' depends on axioms: [propext, Quot.sound]
info: AuditAll.lean:60:0: 'GaussianParity.repeatNegI_residue' depends on axioms: [propext, Quot.sound]
info: AuditAll.lean:61:0: 'GaussianParity.odd_binary_numerator_parity' depends on axioms: [propext, Classical.choice, Quot.sound]
info: AuditAll.lean:62:0: 'GaussianParity.binary_grid_conversion' depends on axioms: [propext, Classical.choice, Quot.sound]
info: AuditAll.lean:63:0: 'GaussianParity.binary_one_residue_zero' depends on axioms: [propext, Quot.sound]
info: AuditAll.lean:64:0: 'GaussianParity.even_impulse_primitive' depends on axioms: [propext, Quot.sound]
info: AuditAll.lean:65:0: 'GaussianParity.bothOdd_negI' depends on axioms: [propext, Classical.choice, Quot.sound]
info: AuditAll.lean:66:0: 'GaussianParity.bothOdd_repeatNegI' depends on axioms: [propext, Classical.choice, Quot.sound]
info: AuditAll.lean:67:0: 'GaussianParity.odd_impulse_primitive' depends on axioms: [propext, Classical.choice, Quot.sound]
info: AuditAll.lean:68:0: 'GaussianParity.scale_injective' depends on axioms: [propext]
info: AuditAll.lean:69:0: 'GaussianParity.even_grid_sharp' depends on axioms: [propext, Classical.choice, Quot.sound]
info: AuditAll.lean:70:0: 'GaussianParity.odd_grid_sharp' depends on axioms: [propext, Classical.choice, Quot.sound]
info: AuditAll.lean:71:0: 'GaussianParity.gaussianMul_pi_pi' depends on axioms: [propext, Classical.choice, Quot.sound]
info: AuditAll.lean:72:0: 'GaussianParity.two_pi_factors_binary' depends on axioms: [propext, Classical.choice, Quot.sound]
Build completed successfully (5 jobs).
